// Jest Snapshot v1, https://goo.gl/fbAQLP

exports[`/Footer should render component correctly 1`] = `
<div
  className="sc-bcXHqe eoSokX"
>
  <p>
    MKS sistemas Â© Todos os direitos reservados
  </p>
</div>
`;
